-	NA06986	NA06985	NA06989	NA06994	NA07000	NA07037	NA07048	NA07051	NA07056	NA07347
IEU-a-780_P0.01	-0.6848000017926097	2.5233999975025654	1.4699000110849738	0.21759999729692936	0.8622000021860003	2.714100011624396	2.695600014179945	-0.8675999827682972	2.600800027139485	1.8597999969497323
